{"time":"2026-05-15 00:23:47","level":"WARN","msg":"thread: persist resumed session codex identity","agent_id":"agent-1","provider":"codex","codex_home":"/var/folders/fw/w5nyk55978gd500t0kx64bn00000gp/T/TestServiceResumeBackfillsDefaultCodexIdentityWhenOptedIn1610349054/001","codex_instance_key":"default","codex_model_provider":"openai","session_runtime_codex_home":"","rollout_path":"/var/folders/fw/w5nyk55978gd500t0kx64bn00000gp/T/TestServiceResumeBackfillsDefaultCodexIdentityWhenOptedIn1610349054/002/history.jsonl"}
{"time":"2026-05-15 00:23:47","level":"WARN","msg":"thread: registerThreadBinding persisted OK","agent_id":"agent-1","provider":"codex","provider_thread_id":"11111111-2222-3333-4444-555555555552","public_thread_id":"thread-1","rollout_path":"/var/folders/fw/w5nyk55978gd500t0kx64bn00000gp/T/TestServiceResumeBackfillsDefaultCodexIdentityWhenOptedIn1610349054/002/history.jsonl","session_uuid":"11111111-2222-3333-4444-555555555552"}
{"time":"2026-05-15 00:23:47","level":"INFO","msg":"thread: stopThreadRuntime ENTERED","agent_id":"agent-1","stopped_id":"thread-1","source":"thread_stopped","allow_missing_agent":false,"caller":"thread.(*service).Stop <- thread.TestThreadAgents_CleanupOnStop <- testing.tRunner <- runtime.goexit"}
{"time":"2026-05-15 00:23:47","level":"INFO","msg":"thread: Archive() ENTERED","thread_id":"thread-pending-4","caller":"thread.TestArchivePendingThread_CleansLaunchMutex <- testing.tRunner <- runtime.goexit"}
{"time":"2026-05-15 00:23:47","level":"WARN","msg":"thread: publishThreadStopped ARCHIVED","thread_id":"thread-pending-4","agent_id":"","status":"archived","reason":"archived_pending_launch","caller":"thread.(*service).Archive <- thread.TestArchivePendingThread_CleansLaunchMutex <- testing.tRunner <- runtime.goexit"}
{"time":"2026-05-15 00:23:47","level":"INFO","msg":"thread: Archive() pending_launch fast-path","thread_id":"thread-pending-4","caller":"thread.TestArchivePendingThread_CleansLaunchMutex <- testing.tRunner <- runtime.goexit"}
{"time":"2026-05-15 00:23:47","level":"INFO","msg":"thread: stopThreadRuntime ENTERED","agent_id":"agent-1","stopped_id":"thread-1","source":"thread_stopped","allow_missing_agent":false,"caller":"thread.(*service).Stop <- thread.TestStopRemovesSessionByGenerationWhenAvailable <- testing.tRunner <- runtime.goexit"}
{"time":"2026-05-15 00:23:47","level":"INFO","msg":"thread: Archive() ENTERED","thread_id":"thread-1","caller":"thread.TestArchiveStopsManagedAgentBeforeArchiving <- testing.tRunner <- runtime.goexit"}
{"time":"2026-05-15 00:23:47","level":"INFO","msg":"thread: Archive() resolved stopState","thread_id":"thread-1","stopped_id":"thread-1","agent_id":"agent-1","targets":"thread-1,provider-thread-1,agent-1","caller":"thread.TestArchiveStopsManagedAgentBeforeArchiving <- testing.tRunner <- runtime.goexit"}
{"time":"2026-05-15 00:23:47","level":"INFO","msg":"thread: stopThreadRuntime ENTERED","agent_id":"agent-1","stopped_id":"thread-1","source":"thread_archived","allow_missing_agent":true,"caller":"thread.(*service).Archive <- thread.TestArchiveStopsManagedAgentBeforeArchiving <- testing.tRunner <- runtime.goexit"}
{"time":"2026-05-15 00:23:47","level":"INFO","msg":"thread: stopThreadRuntime ENTERED","agent_id":"agent-1","stopped_id":"thread-1","source":"thread_stopped","allow_missing_agent":false,"caller":"thread.(*service).Stop <- thread.TestStopUsesPublicThreadIDForStatusUpdateWhenProviderDiffers <- testing.tRunner <- runtime.goexit"}
{"time":"2026-05-15 00:23:47","level":"WARN","msg":"thread: publishThreadStopped ARCHIVED","thread_id":"thread-1","agent_id":"agent-1","status":"archived","reason":"archived","caller":"thread.(*service).Archive <- thread.TestArchiveStopsManagedAgentBeforeArchiving <- testing.tRunner <- runtime.goexit"}
{"time":"2026-05-15 00:23:47","level":"INFO","msg":"thread: Archive() COMPLETED","thread_id":"thread-1","stopped_id":"thread-1","caller":"thread.TestArchiveStopsManagedAgentBeforeArchiving <- testing.tRunner <- runtime.goexit"}
{"time":"2026-05-15 00:23:47","level":"INFO","msg":"thread: stopThreadRuntime ENTERED","agent_id":"agent-1","stopped_id":"thread-1","source":"thread_stopped","allow_missing_agent":false,"caller":"thread.(*service).Stop <- thread.TestStopInterruptsTurnAndCleansThreadState <- testing.tRunner <- runtime.goexit"}
{"time":"2026-05-15 00:23:47","level":"WARN","msg":"thread/start: provider resolved","provider_input":"codex","model_provider_input":"","resolved_provider":"codex","cwd":""}
{"time":"2026-05-15 00:23:47","level":"INFO","msg":"router: skip, prompt store not wired"}
{"time":"2026-05-15 00:23:47","level":"WARN","msg":"thread/start: provider session identity trace","agent_id":"agent-legacy","provider":"codex","req_model_provider":"","req_model":"","req_effort":"","config_provider":"codex","config_model_provider":"","config_codex_model_provider":"","config_model":"","config_effort":""}
{"time":"2026-05-15 00:23:47","level":"WARN","msg":"thread: persist started session codex identity","agent_id":"agent-legacy","provider":"codex","codex_home":"","has_strict_identity":false,"session_runtime_codex_home":"","rollout_path":""}
{"time":"2026-05-15 00:23:47","level":"INFO","msg":"thread: stopThreadRuntime ENTERED","agent_id":"agent-1","stopped_id":"thread-1","source":"thread_deleted","allow_missing_agent":true,"caller":"thread.(*service).deleteThreadRuntime <- thread.(*service).Delete <- thread.TestDelete_Pin.func13 <- testing.tRunner <- runtime.goexit"}
{"time":"2026-05-15 00:23:47","level":"INFO","msg":"thread: Archive() ENTERED","thread_id":"thread-1","caller":"thread.TestArchiveCleansManagedScratchpad <- testing.tRunner <- runtime.goexit"}
{"time":"2026-05-15 00:23:47","level":"INFO","msg":"thread: Archive() resolved stopState","thread_id":"thread-1","stopped_id":"thread-1","agent_id":"agent-1","targets":"thread-1,provider-thread-1,agent-1","caller":"thread.TestArchiveCleansManagedScratchpad <- testing.tRunner <- runtime.goexit"}
{"time":"2026-05-15 00:23:47","level":"INFO","msg":"thread: stopThreadRuntime ENTERED","agent_id":"agent-1","stopped_id":"thread-1","source":"thread_archived","allow_missing_agent":true,"caller":"thread.(*service).Archive <- thread.TestArchiveCleansManagedScratchpad <- testing.tRunner <- runtime.goexit"}
{"time":"2026-05-15 00:23:47","level":"INFO","msg":"thread/start: rpc received"}
{"time":"2026-05-15 00:23:47","level":"WARN","msg":"thread: publishThreadStopped ARCHIVED","thread_id":"thread-1","agent_id":"agent-1","status":"archived","reason":"archived","caller":"thread.(*service).Archive <- thread.TestArchiveCleansManagedScratchpad <- testing.tRunner <- runtime.goexit"}
{"time":"2026-05-15 00:23:47","level":"INFO","msg":"thread: Archive() COMPLETED","thread_id":"thread-1","stopped_id":"thread-1","caller":"thread.TestArchiveCleansManagedScratchpad <- testing.tRunner <- runtime.goexit"}
{"time":"2026-05-15 00:23:47","level":"INFO","msg":"thread/start: rpc received","agent_id":"","agent_key":"","prompt_key":"","use_classifier":false,"provider":"codex","model_provider":"","model":"","effort":"","cwd":"/tmp/demo","has_prompt":true,"has_base_instructions":false,"defer_spawn":false,"selected_skills_n":0,"config_provider":"","config_model_provider":"","config_codex_model_provider":"","config_model":"","config_effort":"","has_config":false}
{"time":"2026-05-15 00:23:47","level":"WARN","msg":"thread/start: provider identity trace","agent_id":"","provider":"codex","model_provider":"","model":"","effort":"","config_provider":"","config_model_provider":"","config_codex_model_provider":"","config_model":"","config_effort":"","has_config":false}
{"time":"2026-05-15 00:23:47","level":"INFO","msg":"thread/start: rpc completed","duration_ms":0,"error":null}
{"time":"2026-05-15 00:23:47","level":"WARN","msg":"thread/start: provider resolved","provider_input":"","model_provider_input":"","resolved_provider":"codex","cwd":""}
{"time":"2026-05-15 00:23:47","level":"WARN","msg":"thread/start: provider resolved","provider_input":"codex","model_provider_input":"","resolved_provider":"codex","cwd":""}
{"time":"2026-05-15 00:23:47","level":"WARN","msg":"thread/start: provider resolved","provider_input":"","model_provider_input":"","resolved_provider":"codex","cwd":""}
{"time":"2026-05-15 00:23:47","level":"INFO","msg":"router: prompt_template matched","prompt_key":"main/default","agent_key":"main","candidate_count":2,"prompt_text_len":12}
{"time":"2026-05-15 00:23:47","level":"INFO","msg":"router: prompt_template matched","prompt_key":"main/sql","agent_key":"sql_expert","candidate_count":2,"prompt_text_len":8}
{"time":"2026-05-15 00:23:47","level":"INFO","msg":"router: prompt_template matched","prompt_key":"main/pinned","agent_key":"pinned","candidate_count":2,"prompt_text_len":11}
{"time":"2026-05-15 00:23:47","level":"INFO","msg":"router: match_when auto-routed","prompt_key":"main/work","priority":5,"candidate_count":1}
{"time":"2026-05-15 00:23:47","level":"INFO","msg":"router: match_when no auto-route hit","candidate_count":1}
{"time":"2026-05-15 00:23:47","level":"INFO","msg":"router: match_when auto-routed","prompt_key":"main/by-wd","priority":5,"candidate_count":1}
{"time":"2026-05-15 00:23:47","level":"INFO","msg":"router: prompt_template matched","prompt_key":"main/default","agent_key":"main","candidate_count":2,"prompt_text_len":12}
{"time":"2026-05-15 00:23:47","level":"INFO","msg":"router: prompt_template matched","prompt_key":"main/by-wd","agent_key":"by-wd","candidate_count":2,"prompt_text_len":10}
{"time":"2026-05-15 00:23:47","level":"INFO","msg":"router: no prompt_template matched","requested_agent_key":"sql_expert","candidate_count":1}
{"time":"2026-05-15 00:23:47","level":"INFO","msg":"router: no prompt_template matched","requested_agent_key":"","candidate_count":2}
{"time":"2026-05-15 00:23:47","level":"INFO","msg":"router: prompt_template matched","prompt_key":"main/work","agent_key":"work","candidate_count":2,"prompt_text_len":9}
{"time":"2026-05-15 00:23:47","level":"INFO","msg":"router: no prompt_template matched","requested_agent_key":"","candidate_count":1}
{"time":"2026-05-15 00:23:47","level":"INFO","msg":"thread: stopThreadRuntime ENTERED","agent_id":"agent-404","stopped_id":"thread-404-agent","source":"thread_deleted","allow_missing_agent":true,"caller":"thread.(*service).deleteThreadRuntime <- thread.(*service).Delete <- thread.TestDelete_Pin.func13 <- testing.tRunner <- runtime.goexit"}
{"time":"2026-05-15 00:23:47","level":"INFO","msg":"router: prompt_template matched","prompt_key":"main/orchestrator","agent_key":"  Orchestrator ","candidate_count":1,"prompt_text_len":14}
{"time":"2026-05-15 00:23:47","level":"INFO","msg":"router: prompt_template matched","prompt_key":"main/launch-fav","agent_key":"main","candidate_count":3,"prompt_text_len":15}
{"time":"2026-05-15 00:23:47","level":"INFO","msg":"router: prompt_template matched","prompt_key":"main/sql","agent_key":"sql_expert","candidate_count":1,"prompt_text_len":7}
{"time":"2026-05-15 00:23:47","level":"INFO","msg":"router: match_when auto-routed","prompt_key":"main/hi","priority":10,"candidate_count":2}
{"time":"2026-05-15 00:23:47","level":"INFO","msg":"thread: stopThreadRuntime ENTERED","agent_id":"agent-bind-fail","stopped_id":"thread-bind-fail","source":"thread_deleted","allow_missing_agent":true,"caller":"thread.(*service).deleteThreadRuntime <- thread.(*service).Delete <- thread.TestDelete_Pin.func13 <- testing.tRunner <- runtime.goexit"}
{"time":"2026-05-15 00:23:47","level":"INFO","msg":"router: skip, prompt store not wired"}
{"time":"2026-05-15 00:23:47","level":"WARN","msg":"router: materialize prompt_versions failed","err":"simulated","prompt_key":"main/sql"}
{"time":"2026-05-15 00:23:47","level":"INFO","msg":"router: prompt_template matched","prompt_key":"main/hi","agent_key":"hi","candidate_count":3,"prompt_text_len":7}
{"time":"2026-05-15 00:23:47","level":"INFO","msg":"router: prompt_template matched","prompt_key":"main/ui","agent_key":"ui_expert","candidate_count":2,"prompt_text_len":7}
{"time":"2026-05-15 00:23:47","level":"INFO","msg":"router: no prompt_template matched","requested_agent_key":"does-not-exist","candidate_count":2}
{"time":"2026-05-15 00:23:47","level":"INFO","msg":"router: skip, base_instructions already set by caller","agent_key":"","base_instructions_len":15}
{"time":"2026-05-15 00:23:47","level":"INFO","msg":"router: no prompt_template matched","requested_agent_key":"","candidate_count":1}
{"time":"2026-05-15 00:23:47","level":"INFO","msg":"thread: session recovery skipped by lifecycle","agent_id":"agent-1","thread_id":"thread-1","reason":"binding_archived"}
{"time":"2026-05-15 00:23:47","level":"INFO","msg":"router: prompt_template matched","prompt_key":"main/default","agent_key":"main","candidate_count":2,"prompt_text_len":12}
{"time":"2026-05-15 00:23:47","level":"INFO","msg":"thread: background resume","thread_id":"thread-1","agent_id":"agent-1"}
{"time":"2026-05-15 00:23:47","level":"WARN","msg":"thread: persist resumed session codex identity","agent_id":"agent-1","provider":"claude","codex_home":"","codex_instance_key":"","codex_model_provider":"","session_runtime_codex_home":"","rollout_path":"/var/folders/fw/w5nyk55978gd500t0kx64bn00000gp/T/TestBackgroundResumeIfNeededRehydratesClaudeOverrideConfig4241571368/001/history.jsonl"}
{"time":"2026-05-15 00:23:47","level":"WARN","msg":"thread: registerThreadBinding skipped","agent_id":"agent-1","reason":"no change needed"}
{"time":"2026-05-15 00:23:47","level":"WARN","msg":"thread: persist resumed session codex identity","agent_id":"agent-1","provider":"claude","codex_home":"","codex_instance_key":"","codex_model_provider":"","session_runtime_codex_home":"","rollout_path":"/var/folders/fw/w5nyk55978gd500t0kx64bn00000gp/T/TestServiceResumeClaudeWithoutStoredOverrideDoesNotInventConfigO340809450/001/history.jsonl"}
{"time":"2026-05-15 00:23:47","level":"WARN","msg":"thread: registerThreadBinding skipped","agent_id":"agent-1","reason":"no change needed"}
{"time":"2026-05-15 00:23:47","level":"WARN","msg":"thread: persist resumed session codex identity","agent_id":"agent-1","provider":"claude","codex_home":"","codex_instance_key":"","codex_model_provider":"","session_runtime_codex_home":"","rollout_path":"/var/folders/fw/w5nyk55978gd500t0kx64bn00000gp/T/TestServiceResumeRehydratesClaudeOverrideConfig3526325032/001/history.jsonl"}
{"time":"2026-05-15 00:23:47","level":"WARN","msg":"thread: registerThreadBinding skipped","agent_id":"agent-1","reason":"no change needed"}
{"time":"2026-05-15 00:23:47","level":"WARN","msg":"thread: persist resumed session codex identity","agent_id":"agent-1","provider":"codex","codex_home":"","codex_instance_key":"","codex_model_provider":"","session_runtime_codex_home":"","rollout_path":"/var/folders/fw/w5nyk55978gd500t0kx64bn00000gp/T/TestServiceResumePrefersStoredPromptSnapshot2362645957/001/history.jsonl"}
{"time":"2026-05-15 00:23:47","level":"WARN","msg":"thread: registerThreadBinding skipped","agent_id":"agent-1","reason":"no change needed"}
{"time":"2026-05-15 00:23:47","level":"WARN","msg":"thread: persist resumed session codex identity","agent_id":"agent-placeholder-name","provider":"codex","codex_home":"","codex_instance_key":"","codex_model_provider":"","session_runtime_codex_home":"","rollout_path":"/var/folders/fw/w5nyk55978gd500t0kx64bn00000gp/T/TestServiceResumeDropsDefaultPlaceholderName1830616545/001/history.jsonl"}
{"time":"2026-05-15 00:23:47","level":"WARN","msg":"thread: registerThreadBinding skipped","agent_id":"agent-placeholder-name","reason":"no change needed"}
{"time":"2026-05-15 00:23:47","level":"WARN","msg":"thread: persist resumed session codex identity","agent_id":"agent-1","provider":"codex","codex_home":"/repo/.codex","codex_instance_key":"default","codex_model_provider":"openai","session_runtime_codex_home":"","rollout_path":"/var/folders/fw/w5nyk55978gd500t0kx64bn00000gp/T/TestServiceResumeInfersProviderAndRebuildsSession1481817266/001/history.jsonl"}
{"time":"2026-05-15 00:23:47","level":"WARN","msg":"thread: registerThreadBinding skipped","agent_id":"agent-1","reason":"no change needed"}
{"time":"2026-05-15 00:23:47","level":"WARN","msg":"thread: persist resumed session codex identity","agent_id":"agent-1","provider":"claude","codex_home":"","codex_instance_key":"","codex_model_provider":"","session_runtime_codex_home":"","rollout_path":""}
{"time":"2026-05-15 00:23:47","level":"WARN","msg":"thread: registerThreadBinding skipped","agent_id":"agent-1","reason":"no change needed"}
{"time":"2026-05-15 00:23:47","level":"WARN","msg":"thread: persist resumed session codex identity","agent_id":"agent-1","provider":"claude","codex_home":"","codex_instance_key":"","codex_model_provider":"","session_runtime_codex_home":"","rollout_path":"/var/folders/fw/w5nyk55978gd500t0kx64bn00000gp/T/TestServiceResumePrefersSessionUUIDOverStaleProviderThreadID4269106515/001/history.jsonl"}
{"time":"2026-05-15 00:23:47","level":"WARN","msg":"thread: registerThreadBinding persisted OK","agent_id":"agent-1","provider":"claude","provider_thread_id":"019d5f6b-fb3c-7760-9d6f-54005553f5b3","public_thread_id":"thread-public","rollout_path":"/var/folders/fw/w5nyk55978gd500t0kx64bn00000gp/T/TestServiceResumePrefersSessionUUIDOverStaleProviderThreadID4269106515/001/history.jsonl","session_uuid":"019d5f6b-fb3c-7760-9d6f-54005553f5b3"}
{"time":"2026-05-15 00:23:47","level":"WARN","msg":"thread: persist resumed session codex identity","agent_id":"agent-A","provider":"codex","codex_home":"","codex_instance_key":"","codex_model_provider":"","session_runtime_codex_home":"","rollout_path":"/var/folders/fw/w5nyk55978gd500t0kx64bn00000gp/T/TestResumeEvictsStaleBindingWhenBlockingAgentIsDead3058984030/001/history.jsonl"}
{"time":"2026-05-15 00:23:47","level":"WARN","msg":"thread: evicting stale provider_thread_id binding","provider_thread_id":"11111111-2222-3333-4444-555555555573","stale_agent_id":"agent-B","new_agent_id":"agent-A"}
{"time":"2026-05-15 00:23:47","level":"WARN","msg":"thread: registerThreadBinding skipped","agent_id":"agent-A","reason":"no change needed"}
{"time":"2026-05-15 00:23:47","level":"WARN","msg":"thread: persist resumed session codex identity","agent_id":"agent-1","provider":"codex","codex_home":"","codex_instance_key":"","codex_model_provider":"","session_runtime_codex_home":"","rollout_path":"/var/folders/fw/w5nyk55978gd500t0kx64bn00000gp/T/TestResumeNonConflictPersistFailureStillEmitsThreadStarted1423179213/001/history.jsonl"}
{"time":"2026-05-15 00:23:47","level":"WARN","msg":"thread: registerThreadBinding skipped","agent_id":"agent-1","reason":"no change needed"}
{"time":"2026-05-15 00:23:47","level":"WARN","msg":"thread: resume persist failed","error":"transient database error","binding_conflict":false,"event_emitted":true,"agent_id":"agent-1","thread_id":"thread-1","provider_thread_id":"11111111-2222-3333-4444-555555555572"}
{"time":"2026-05-15 00:23:47","level":"WARN","msg":"thread: persist resumed session codex identity","agent_id":"agent-A","provider":"codex","codex_home":"","codex_instance_key":"","codex_model_provider":"","session_runtime_codex_home":"","rollout_path":"/var/folders/fw/w5nyk55978gd500t0kx64bn00000gp/T/TestResumeBindingConflictSuppressesThreadStartedEvent2152669136/001/history.jsonl"}
{"time":"2026-05-15 00:23:47","level":"WARN","msg":"thread: resume persist failed","error":"provider thread \"11111111-2222-3333-4444-555555555571\" is already bound to agent \"agent-B\" (session active)","binding_conflict":true,"event_emitted":false,"agent_id":"agent-A","thread_id":"thread-A","provider_thread_id":"11111111-2222-3333-4444-555555555571"}
{"time":"2026-05-15 00:23:47","level":"ERROR","msg":"thread: binding conflict on resume — killing zombie session","agent_id":"agent-A","stale_provider_thread_id":"11111111-2222-3333-4444-555555555571"}
{"time":"2026-05-15 00:23:47","level":"INFO","msg":"router: classifier returned empty pick","reason":"no match","latency_ms":0,"model":""}
{"time":"2026-05-15 00:23:47","level":"INFO","msg":"router: prompt_template matched","prompt_key":"main/default","agent_key":"main","candidate_count":2,"prompt_text_len":12}
{"time":"2026-05-15 00:23:47","level":"INFO","msg":"router: prompt_template matched","prompt_key":"main/default","agent_key":"main","candidate_count":1,"prompt_text_len":12}
{"time":"2026-05-15 00:23:47","level":"INFO","msg":"router: prompt_template matched","prompt_key":"main/sql","agent_key":"sql_expert","candidate_count":2,"prompt_text_len":8}
{"time":"2026-05-15 00:23:47","level":"INFO","msg":"router: classifier picked","prompt_key":"main/sql","reason":"SQL query","latency_ms":0,"model":"","candidate_count":3,"candidate_count_pre_prune":3}
{"time":"2026-05-15 00:23:47","level":"INFO","msg":"router: prompt_template matched","prompt_key":"main/sql","agent_key":"sql_expert","candidate_count":3,"prompt_text_len":8}
{"time":"2026-05-15 00:23:47","level":"INFO","msg":"router: prompt_template matched","prompt_key":"main/default","agent_key":"main","candidate_count":1,"prompt_text_len":12}
{"time":"2026-05-15 00:23:47","level":"INFO","msg":"router: prompt_template matched","prompt_key":"main/launch-fav","agent_key":"main","candidate_count":3,"prompt_text_len":52}
{"time":"2026-05-15 00:23:47","level":"WARN","msg":"thread/start: provider resolved","provider_input":"codex","model_provider_input":"","resolved_provider":"codex","cwd":""}
{"time":"2026-05-15 00:23:47","level":"INFO","msg":"router: skip, prompt store not wired"}
{"time":"2026-05-15 00:23:47","level":"WARN","msg":"thread/start: provider session identity trace","agent_id":"agent-name","provider":"codex","req_model_provider":"","req_model":"","req_effort":"","config_provider":"codex","config_model_provider":"","config_codex_model_provider":"","config_model":"","config_effort":""}
{"time":"2026-05-15 00:23:47","level":"WARN","msg":"thread: persist started session codex identity","agent_id":"agent-name","provider":"codex","codex_home":"","has_strict_identity":false,"session_runtime_codex_home":"","rollout_path":""}
{"time":"2026-05-15 00:23:47","level":"WARN","msg":"thread: registerThreadBinding persisted OK","agent_id":"thread-fork","provider":"codex","provider_thread_id":"","public_thread_id":"thread-fork","rollout_path":"","session_uuid":""}
{"time":"2026-05-15 00:23:47","level":"WARN","msg":"thread: persist resumed session codex identity","agent_id":"agent-resume","provider":"codex","codex_home":"","codex_instance_key":"","codex_model_provider":"","session_runtime_codex_home":"","rollout_path":""}
{"time":"2026-05-15 00:23:47","level":"WARN","msg":"thread: resume persist failed","error":"agent \"agent-resume\" provider_thread_id is immutable (existing=\"provider-thread-resume\", new=\"\")","binding_conflict":false,"event_emitted":true,"agent_id":"agent-resume","thread_id":"thread-resume","provider_thread_id":""}
{"time":"2026-05-15 00:23:47","level":"WARN","msg":"thread/start: provider resolved","provider_input":"codex","model_provider_input":"","resolved_provider":"codex","cwd":""}
{"time":"2026-05-15 00:23:47","level":"INFO","msg":"router: skip, base_instructions already set by caller","agent_key":"","base_instructions_len":13}
{"time":"2026-05-15 00:23:47","level":"WARN","msg":"thread/start: provider session identity trace","agent_id":"agent-base","provider":"codex","req_model_provider":"","req_model":"","req_effort":"","config_provider":"codex","config_model_provider":"","config_codex_model_provider":"","config_model":"","config_effort":""}
{"time":"2026-05-15 00:23:47","level":"WARN","msg":"thread: persist started session codex identity","agent_id":"agent-base","provider":"codex","codex_home":"","has_strict_identity":false,"session_runtime_codex_home":"","rollout_path":""}
{"time":"2026-05-15 00:23:47","level":"WARN","msg":"thread: persist resumed session codex identity","agent_id":"agent-resume","provider":"codex","codex_home":"","codex_instance_key":"","codex_model_provider":"","session_runtime_codex_home":"","rollout_path":""}
{"time":"2026-05-15 00:23:47","level":"WARN","msg":"thread: resume persist failed","error":"agent \"agent-resume\" provider_thread_id is immutable (existing=\"provider-thread-resume\", new=\"\")","binding_conflict":false,"event_emitted":true,"agent_id":"agent-resume","thread_id":"thread-resume","provider_thread_id":""}
{"time":"2026-05-15 00:23:47","level":"WARN","msg":"thread: persist resumed session codex identity","agent_id":"agent-assembly","provider":"codex","codex_home":"","codex_instance_key":"","codex_model_provider":"","session_runtime_codex_home":"","rollout_path":"/var/folders/fw/w5nyk55978gd500t0kx64bn00000gp/T/TestResumeRestoresFromSnapshot3767533381/001/history.jsonl"}
{"time":"2026-05-15 00:23:47","level":"WARN","msg":"thread/start: provider resolved","provider_input":"codex","model_provider_input":"","resolved_provider":"codex","cwd":""}
{"time":"2026-05-15 00:23:47","level":"WARN","msg":"thread: registerThreadBinding skipped","agent_id":"agent-assembly","reason":"no change needed"}
{"time":"2026-05-15 00:23:47","level":"INFO","msg":"router: skip, base_instructions already set by caller","agent_key":"","base_instructions_len":10}
{"time":"2026-05-15 00:23:47","level":"WARN","msg":"thread/start: provider session identity trace","agent_id":"agent-assembly","provider":"codex","req_model_provider":"","req_model":"","req_effort":"","config_provider":"codex","config_model_provider":"","config_codex_model_provider":"","config_model":"","config_effort":""}
{"time":"2026-05-15 00:23:47","level":"WARN","msg":"thread: persist started session codex identity","agent_id":"agent-assembly","provider":"codex","codex_home":"","has_strict_identity":false,"session_runtime_codex_home":"","rollout_path":""}
{"time":"2026-05-15 00:23:47","level":"WARN","msg":"thread/start: provider resolved","provider_input":"codex","model_provider_input":"","resolved_provider":"codex","cwd":""}
{"time":"2026-05-15 00:23:47","level":"INFO","msg":"router: skip, prompt store not wired"}
{"time":"2026-05-15 00:23:47","level":"WARN","msg":"thread/start: provider session identity trace","agent_id":"agent-name","provider":"codex","req_model_provider":"","req_model":"","req_effort":"","config_provider":"codex","config_model_provider":"","config_codex_model_provider":"","config_model":"","config_effort":""}
{"time":"2026-05-15 00:23:47","level":"WARN","msg":"thread: persist started session codex identity","agent_id":"agent-name","provider":"codex","codex_home":"","has_strict_identity":false,"session_runtime_codex_home":"","rollout_path":""}
{"time":"2026-05-15 00:23:47","level":"WARN","msg":"thread/start: provider resolved","provider_input":"codex","model_provider_input":"","resolved_provider":"codex","cwd":""}
{"time":"2026-05-15 00:23:47","level":"INFO","msg":"router: skip, prompt store not wired"}
{"time":"2026-05-15 00:23:47","level":"WARN","msg":"thread/start: provider session identity trace","agent_id":"agent-start","provider":"codex","req_model_provider":"","req_model":"","req_effort":"","config_provider":"codex","config_model_provider":"","config_codex_model_provider":"","config_model":"","config_effort":""}
{"time":"2026-05-15 00:23:47","level":"WARN","msg":"thread: persist started session codex identity","agent_id":"agent-start","provider":"codex","codex_home":"","has_strict_identity":false,"session_runtime_codex_home":"","rollout_path":""}
{"time":"2026-05-15 00:23:47","level":"INFO","msg":"thread: rebuilt resume prompt snapshot from agent identity metadata","thread_id":"thread-1","agent_type":"worker","agent_memory_scope":"local"}
{"time":"2026-05-15 00:23:47","level":"WARN","msg":"thread: persist resumed session codex identity","agent_id":"agent-1","provider":"codex","codex_home":"","codex_instance_key":"","codex_model_provider":"","session_runtime_codex_home":"","rollout_path":"/var/folders/fw/w5nyk55978gd500t0kx64bn00000gp/T/TestPhaseGResumeRebuildsPromptSnapshotFromStoredAgentIdentity2824151510/001/history.jsonl"}
{"time":"2026-05-15 00:23:47","level":"WARN","msg":"thread: registerThreadBinding skipped","agent_id":"agent-1","reason":"no change needed"}
{"time":"2026-05-15 00:23:47","level":"WARN","msg":"thread: persist resumed session codex identity","agent_id":"agent-1","provider":"codex","codex_home":"","codex_instance_key":"","codex_model_provider":"","session_runtime_codex_home":"","rollout_path":"/var/folders/fw/w5nyk55978gd500t0kx64bn00000gp/T/TestPhase45ResumeForwardsPromptSnapshot3393385970/001/history.jsonl"}
{"time":"2026-05-15 00:23:47","level":"WARN","msg":"thread: registerThreadBinding skipped","agent_id":"agent-1","reason":"no change needed"}
{"time":"2026-05-15 00:23:47","level":"WARN","msg":"thread: persist resumed session codex identity","agent_id":"agent-resume","provider":"codex","codex_home":"","codex_instance_key":"","codex_model_provider":"","session_runtime_codex_home":"","rollout_path":""}
{"time":"2026-05-15 00:23:47","level":"WARN","msg":"thread: resume persist failed","error":"agent \"agent-resume\" provider_thread_id is immutable (existing=\"provider-thread-resume\", new=\"\")","binding_conflict":false,"event_emitted":true,"agent_id":"agent-resume","thread_id":"thread-resume","provider_thread_id":""}
{"time":"2026-05-15 00:23:47","level":"WARN","msg":"thread/start: provider resolved","provider_input":"codex","model_provider_input":"","resolved_provider":"codex","cwd":""}
{"time":"2026-05-15 00:23:47","level":"INFO","msg":"router: skip, base_instructions already set by caller","agent_key":"","base_instructions_len":13}
{"time":"2026-05-15 00:23:47","level":"WARN","msg":"thread/start: provider session identity trace","agent_id":"agent-base","provider":"codex","req_model_provider":"","req_model":"","req_effort":"","config_provider":"codex","config_model_provider":"","config_codex_model_provider":"","config_model":"","config_effort":""}
{"time":"2026-05-15 00:23:47","level":"WARN","msg":"thread: persist started session codex identity","agent_id":"agent-base","provider":"codex","codex_home":"","has_strict_identity":false,"session_runtime_codex_home":"","rollout_path":""}
{"time":"2026-05-15 00:23:47","level":"WARN","msg":"thread/start: provider resolved","provider_input":"codex","model_provider_input":"","resolved_provider":"codex","cwd":""}
{"time":"2026-05-15 00:23:47","level":"INFO","msg":"router: skip, prompt store not wired"}
{"time":"2026-05-15 00:23:47","level":"WARN","msg":"thread/start: provider session identity trace","agent_id":"agent-named","provider":"codex","req_model_provider":"","req_model":"","req_effort":"","config_provider":"codex","config_model_provider":"","config_codex_model_provider":"","config_model":"","config_effort":""}
{"time":"2026-05-15 00:23:47","level":"WARN","msg":"thread: persist started session codex identity","agent_id":"agent-named","provider":"codex","codex_home":"","has_strict_identity":false,"session_runtime_codex_home":"","rollout_path":""}
{"time":"2026-05-15 00:23:47","level":"WARN","msg":"thread/start: provider resolved","provider_input":"codex","model_provider_input":"","resolved_provider":"codex","cwd":""}
{"time":"2026-05-15 00:23:47","level":"INFO","msg":"router: skip, prompt store not wired"}
{"time":"2026-05-15 00:23:47","level":"WARN","msg":"thread/start: provider session identity trace","agent_id":"agent-noname","provider":"codex","req_model_provider":"","req_model":"","req_effort":"","config_provider":"codex","config_model_provider":"","config_codex_model_provider":"","config_model":"","config_effort":""}
{"time":"2026-05-15 00:23:47","level":"WARN","msg":"thread: persist started session codex identity","agent_id":"agent-noname","provider":"codex","codex_home":"","has_strict_identity":false,"session_runtime_codex_home":"","rollout_path":""}
{"time":"2026-05-15 00:23:47","level":"WARN","msg":"thread/start: provider resolved","provider_input":"codex","model_provider_input":"","resolved_provider":"codex","cwd":""}
{"time":"2026-05-15 00:23:47","level":"WARN","msg":"thread/start: provider resolved","provider_input":"codex","model_provider_input":"","resolved_provider":"codex","cwd":""}
{"time":"2026-05-15 00:23:47","level":"WARN","msg":"thread/start: provider resolved","provider_input":"codex","model_provider_input":"","resolved_provider":"codex","cwd":""}
{"time":"2026-05-15 00:23:47","level":"WARN","msg":"thread: registerThreadBinding persisted OK","agent_id":"thread-2","provider":"codex","provider_thread_id":"","public_thread_id":"thread-2","rollout_path":"","session_uuid":""}
{"time":"2026-05-15 00:23:47","level":"WARN","msg":"thread: registerThreadBinding skipped","agent_id":"agent-parent","reason":"no change needed"}
{"time":"2026-05-15 00:23:47","level":"WARN","msg":"thread: registerThreadBinding skipped","agent_id":"agent-parent","reason":"no change needed"}
{"time":"2026-05-15 00:23:47","level":"WARN","msg":"thread: registerThreadBinding skipped","agent_id":"agent-parent","reason":"no change needed"}
{"time":"2026-05-15 00:23:47","level":"WARN","msg":"thread: registerThreadBinding persisted OK","agent_id":"thread-fork","provider":"codex","provider_thread_id":"019d5f6b-aaaa-7760-9d6f-54005553f5b3","public_thread_id":"thread-fork","rollout_path":"","session_uuid":"019d5f6b-aaaa-7760-9d6f-54005553f5b3"}
{"time":"2026-05-15 00:23:47","level":"WARN","msg":"thread: registerThreadBinding skipped","agent_id":"agent-parent","reason":"no change needed"}
{"time":"2026-05-15 00:23:47","level":"INFO","msg":"thread: updated cwd from agent event","thread_id":"thread-1","agent_id":"agent-1","cwd":"/var/folders/fw/w5nyk55978gd500t0kx64bn00000gp/T/TestOnAgentLaunchedUpdatesCWDAndInvalidatesWorktreePromptCache274908443/001/worktree/pkg"}
{"time":"2026-05-15 00:23:47","level":"INFO","msg":"thread: updated session_uuid from agent event","thread_id":"thread-1","agent_id":"agent-1","session_uuid":"019d5f6b-fb3c-7760-9d6f-54005553f5b3"}
{"time":"2026-05-15 00:23:47","level":"INFO","msg":"thread: updated session_uuid from agent event","thread_id":"thread-1","agent_id":"agent-1","session_uuid":"019d5f6b-fb3c-7760-9d6f-54005553f5b3"}
{"time":"2026-05-15 00:23:47","level":"INFO","msg":"thread: updated provider_thread_id from agent event","thread_id":"thread-1","agent_id":"agent-1","provider_thread_id":"019d5f6b-fb3c-7760-9d6f-54005553f5b3"}
{"time":"2026-05-15 00:23:47","level":"WARN","msg":"thread/config/set: config patch applied","thread_id":"thread-1","provider":"claude","model":"claude-sonnet-4-20250514[1m]","effort":"max"}
{"time":"2026-05-15 00:23:47","level":"WARN","msg":"thread/config/set: config patch applied","thread_id":"thread-1","provider":"codex","model":"gpt-5.5"}
{"time":"2026-05-15 00:23:47","level":"WARN","msg":"thread/config/set: config patch applied","thread_id":"thread-1","provider":"codex","model":"gpt-5.5","effort":"high"}
{"time":"2026-05-15 00:23:47","level":"WARN","msg":"thread/config/set: config patch applied","thread_id":"thread-1","provider":"codex","model":"gpt-5.5","effort":"high"}
{"time":"2026-05-15 00:23:47","level":"WARN","msg":"thread/config/set: config patch applied","thread_id":"thread-1","provider":"codex","model":""}
--- FAIL: TestServiceReadRuntimeConfigsMergesBatch (0.00s)
    config_offline_test.go:723: ReadRuntimeConfigs()[thread-2] = map[string]interface {}{"approvalPolicy":"never", "toolRouting":map[string]interface {}{"confidenceThreshold":0.65, "mode":"legacy", "routerBaseURL":"", "routerHasAPIKey":false, "routerModel":"", "routerProvider":"openai_compatible", "timeoutSec":8}}
{"time":"2026-05-15 00:23:47","level":"WARN","msg":"thread/config/set (offline): config patch applied","thread_id":"thread-pending-claude","provider":"claude","model":"claude-opus-4-7[1m]","effort":"max"}
{"time":"2026-05-15 00:23:47","level":"WARN","msg":"thread/config/set (offline): config patch applied","thread_id":"thread-1","provider":"codex","model":"gpt-5.5","effort":"high"}
{"time":"2026-05-15 00:23:47","level":"WARN","msg":"thread/config/set: config patch applied","thread_id":"thread-1","provider":"codex","model":"gpt-5.5","effort":"high","personality":"balanced","approvals":"never"}
{"time":"2026-05-15 00:23:47","level":"WARN","msg":"thread: task handoff worker drain failed","error":"context canceled"}
{"time":"2026-05-15 00:23:47","level":"WARN","msg":"thread: agent launched worker drain failed","error":"context canceled"}
{"time":"2026-05-15 00:23:47","level":"WARN","msg":"thread: session recovery worker drain failed","error":"context canceled"}
{"time":"2026-05-15 00:23:47","level":"WARN","msg":"thread: registerThreadBinding skipped","agent_id":"agent-parent","reason":"no change needed"}
{"time":"2026-05-15 00:23:47","level":"WARN","msg":"thread: registerThreadBinding persisted OK","agent_id":"agent-identity","provider":"codex","provider_thread_id":"provider-thread-identity","public_thread_id":"thread-identity","rollout_path":"","session_uuid":""}
{"time":"2026-05-15 00:23:47","level":"WARN","msg":"thread: registerThreadBinding persisted OK","agent_id":"agent-1","provider":"codex","provider_thread_id":"provider-thread-1","public_thread_id":"thread-1","rollout_path":"","session_uuid":""}
{"time":"2026-05-15 00:23:47","level":"WARN","msg":"thread: registerThreadBinding persisted OK","agent_id":"agent-1","provider":"codex","provider_thread_id":"provider-thread-1","public_thread_id":"thread-1","rollout_path":"","session_uuid":""}
{"time":"2026-05-15 00:23:47","level":"INFO","msg":"thread: recorded provider session uuid","agent_id":"agent-1","session_uuid":"11111111-2222-3333-4444-555555555555"}
{"time":"2026-05-15 00:23:47","level":"INFO","msg":"thread: provider session uuid is not recoverable","agent_id":"agent-1","session_uuid":"11111111-2222-3333-4444-555555555555","rollout_path":""}
{"time":"2026-05-15 00:23:47","level":"INFO","msg":"thread: recorded provider session uuid","agent_id":"agent-1","session_uuid":"11111111-2222-3333-4444-555555555555"}
{"time":"2026-05-15 00:23:47","level":"WARN","msg":"thread: registerThreadBinding persisted OK","agent_id":"agent-1","provider":"codex","provider_thread_id":"provider-thread-codex","public_thread_id":"agent-1","rollout_path":"","session_uuid":""}
{"time":"2026-05-15 00:23:47","level":"WARN","msg":"thread: registerThreadBinding persisted OK","agent_id":"agent-1","provider":"codex","provider_thread_id":"real-uuid-123","public_thread_id":"thread-1","rollout_path":"","session_uuid":""}
{"time":"2026-05-15 00:23:47","level":"WARN","msg":"thread: registerThreadBinding persisted OK","agent_id":"agent-1","provider":"claude","provider_thread_id":"","public_thread_id":"agent-1","rollout_path":"","session_uuid":""}
{"time":"2026-05-15 00:23:47","level":"WARN","msg":"thread: task handoff operation failed","action":"ensure task handoff shell","thread_id":"","error":"upsert failed"}
{"time":"2026-05-15 00:23:47","level":"WARN","msg":"thread: task handoff operation failed","action":"load task handoff block","thread_id":"","error":"read failed"}
{"time":"2026-05-15 00:23:47","level":"WARN","msg":"thread/start: provider resolved","provider_input":"","model_provider_input":"","resolved_provider":"codex","cwd":""}
{"time":"2026-05-15 00:23:47","level":"WARN","msg":"thread/start: provider resolved","provider_input":"codex","model_provider_input":"","resolved_provider":"codex","cwd":""}
{"time":"2026-05-15 00:23:47","level":"INFO","msg":"router: skip, prompt store not wired"}
{"time":"2026-05-15 00:23:47","level":"WARN","msg":"thread/start: provider session identity trace","agent_id":"agent-launch-skills","provider":"codex","req_model_provider":"","req_model":"","req_effort":"","config_provider":"codex","config_model_provider":"","config_codex_model_provider":"","config_model":"","config_effort":""}
{"time":"2026-05-15 00:23:47","level":"WARN","msg":"thread: persist started session codex identity","agent_id":"agent-launch-skills","provider":"codex","codex_home":"","has_strict_identity":false,"session_runtime_codex_home":"","rollout_path":""}
{"time":"2026-05-15 00:23:47","level":"INFO","msg":"thread/start: rpc received"}
{"time":"2026-05-15 00:23:47","level":"INFO","msg":"thread/start: rpc received","agent_id":"","agent_key":"","prompt_key":"","use_classifier":false,"provider":"other","model_provider":"","model":"","effort":"","cwd":"","has_prompt":true,"has_base_instructions":false,"defer_spawn":false,"selected_skills_n":0,"config_provider":"","config_model_provider":"","config_codex_model_provider":"","config_model":"","config_effort":"","has_config":false}
{"time":"2026-05-15 00:23:47","level":"INFO","msg":"thread/start: rpc completed","duration_ms":0,"error":"invalid provider \"other\""}
{"time":"2026-05-15 00:23:47","level":"INFO","msg":"thread/start: rpc received"}
{"time":"2026-05-15 00:23:47","level":"INFO","msg":"thread/start: rpc received","agent_id":"","agent_key":"","prompt_key":"","use_classifier":false,"provider":"","model_provider":"","model":"","effort":"","cwd":"","has_prompt":true,"has_base_instructions":false,"defer_spawn":false,"selected_skills_n":0,"config_provider":"","config_model_provider":"","config_codex_model_provider":"","config_model":"","config_effort":"","has_config":false}
{"time":"2026-05-15 00:23:47","level":"WARN","msg":"thread/start: provider resolved","provider_input":"","model_provider_input":"","resolved_provider":"codex","cwd":""}
{"time":"2026-05-15 00:23:47","level":"INFO","msg":"thread/start: rpc completed","duration_ms":0,"error":"invalid approval policy \"later\""}
{"time":"2026-05-15 00:23:47","level":"WARN","msg":"thread/start: provider resolved","provider_input":"codex","model_provider_input":"","resolved_provider":"codex","cwd":""}
{"time":"2026-05-15 00:23:47","level":"INFO","msg":"router: skip, base_instructions already set by caller","agent_key":"","base_instructions_len":13}
{"time":"2026-05-15 00:23:47","level":"WARN","msg":"thread/start: provider session identity trace","agent_id":"agent-assembly","provider":"codex","req_model_provider":"","req_model":"","req_effort":"","config_provider":"codex","config_model_provider":"","config_codex_model_provider":"","config_model":"","config_effort":""}
{"time":"2026-05-15 00:23:47","level":"WARN","msg":"thread: persist started session codex identity","agent_id":"agent-assembly","provider":"codex","codex_home":"","has_strict_identity":false,"session_runtime_codex_home":"","rollout_path":""}
{"time":"2026-05-15 00:23:47","level":"WARN","msg":"thread/start: provider resolved","provider_input":"codex","model_provider_input":"","resolved_provider":"codex","cwd":""}
{"time":"2026-05-15 00:23:47","level":"INFO","msg":"router: skip, base_instructions already set by caller","agent_key":"","base_instructions_len":13}
{"time":"2026-05-15 00:23:47","level":"WARN","msg":"thread/start: provider session identity trace","agent_id":"agent-name","provider":"codex","req_model_provider":"","req_model":"","req_effort":"","config_provider":"codex","config_model_provider":"","config_codex_model_provider":"","config_model":"","config_effort":""}
{"time":"2026-05-15 00:23:47","level":"WARN","msg":"thread: persist started session codex identity","agent_id":"agent-name","provider":"codex","codex_home":"","has_strict_identity":false,"session_runtime_codex_home":"","rollout_path":""}
{"time":"2026-05-15 00:23:47","level":"INFO","msg":"thread: provider_thread_id from agent event is not recoverable","thread_id":"thread-1","agent_id":"agent-1","provider_thread_id":"019d5f6b-fb3c-7760-9d6f-54005553f5b3","rollout_path":""}
{"time":"2026-05-15 00:23:47","level":"WARN","msg":"thread/start: provider resolved","provider_input":"codex","model_provider_input":"","resolved_provider":"codex","cwd":""}
{"time":"2026-05-15 00:23:47","level":"INFO","msg":"router: skip, prompt store not wired"}
{"time":"2026-05-15 00:23:47","level":"WARN","msg":"thread/start: provider session identity trace","agent_id":"agent-start-no-history","provider":"codex","req_model_provider":"","req_model":"","req_effort":"","config_provider":"codex","config_model_provider":"","config_codex_model_provider":"","config_model":"","config_effort":""}
{"time":"2026-05-15 00:23:47","level":"WARN","msg":"thread: persist started session codex identity","agent_id":"agent-start-no-history","provider":"codex","codex_home":"","has_strict_identity":false,"session_runtime_codex_home":"","rollout_path":""}
{"time":"2026-05-15 00:23:47","level":"INFO","msg":"router: skip, prompt store not wired"}
{"time":"2026-05-15 00:23:47","level":"WARN","msg":"thread/start: provider resolved","provider_input":"codex","model_provider_input":"","resolved_provider":"codex","cwd":""}
{"time":"2026-05-15 00:23:47","level":"INFO","msg":"router: skip, prompt store not wired"}
{"time":"2026-05-15 00:23:47","level":"WARN","msg":"thread/start: provider session identity trace","agent_id":"agent-start-claude","provider":"claude","req_model_provider":"","req_model":"","req_effort":"","config_provider":"claude","config_model_provider":"","config_codex_model_provider":"","config_model":"","config_effort":""}
{"time":"2026-05-15 00:23:47","level":"WARN","msg":"thread/start: provider session identity trace","agent_id":"agent-start","provider":"codex","req_model_provider":"","req_model":"","req_effort":"","config_provider":"codex","config_model_provider":"","config_codex_model_provider":"","config_model":"","config_effort":""}
{"time":"2026-05-15 00:23:47","level":"WARN","msg":"thread: persist started session codex identity","agent_id":"agent-start-claude","provider":"claude","codex_home":"","has_strict_identity":false,"session_runtime_codex_home":"","rollout_path":""}
{"time":"2026-05-15 00:23:47","level":"WARN","msg":"thread: registerThreadBinding persisted OK","agent_id":"agent-start-claude","provider":"claude","provider_thread_id":"","public_thread_id":"agent-start-claude","rollout_path":"","session_uuid":""}
{"time":"2026-05-15 00:23:47","level":"WARN","msg":"thread/start: provider resolved","provider_input":"","model_provider_input":"","resolved_provider":"codex","cwd":""}
{"time":"2026-05-15 00:23:47","level":"WARN","msg":"thread/start: provider resolved","provider_input":"","model_provider_input":"","resolved_provider":"codex","cwd":""}
{"time":"2026-05-15 00:23:47","level":"WARN","msg":"thread/start: provider resolved","provider_input":"","model_provider_input":"","resolved_provider":"codex","cwd":""}
{"time":"2026-05-15 00:23:47","level":"WARN","msg":"thread/start: provider resolved","provider_input":"","model_provider_input":"","resolved_provider":"codex","cwd":""}
{"time":"2026-05-15 00:23:47","level":"INFO","msg":"router: skip, base_instructions already set by caller","agent_key":"","base_instructions_len":9}
{"time":"2026-05-15 00:23:47","level":"WARN","msg":"thread/start: provider session identity trace","agent_id":"agent-start","provider":"claude","req_model_provider":"","req_model":"","req_effort":"","config_provider":"claude","config_model_provider":"","config_codex_model_provider":"","config_model":"","config_effort":""}
{"time":"2026-05-15 00:23:47","level":"WARN","msg":"thread: persist started session codex identity","agent_id":"agent-start","provider":"claude","codex_home":"","has_strict_identity":false,"session_runtime_codex_home":"","rollout_path":"/var/folders/fw/w5nyk55978gd500t0kx64bn00000gp/T/TestServiceStartUsesResolvedStartConfig2279595953/001/history.jsonl"}
{"time":"2026-05-15 00:23:47","level":"WARN","msg":"thread: registerThreadBinding persisted OK","agent_id":"agent-start","provider":"claude","provider_thread_id":"019d5f6b-fb3c-7760-9d6f-54005553f5b3","public_thread_id":"agent-start","rollout_path":"/var/folders/fw/w5nyk55978gd500t0kx64bn00000gp/T/TestServiceStartUsesResolvedStartConfig2279595953/001/history.jsonl","session_uuid":"019d5f6b-fb3c-7760-9d6f-54005553f5b3"}
{"time":"2026-05-15 00:23:47","level":"INFO","msg":"thread: stopThreadRuntime ENTERED","agent_id":"agent-1","stopped_id":"thread-1","source":"thread_deleted","allow_missing_agent":true,"caller":"thread.(*service).deleteThreadRuntime <- thread.(*service).Delete <- thread.TestDeleteStopsManagedAgentBeforeDeleting <- testing.tRunner <- runtime.goexit"}
{"time":"2026-05-15 00:23:47","level":"INFO","msg":"thread: Unarchive() ENTERED","thread_id":"thread-1","caller":"thread.TestUnarchivePublishesCreatedLifecycleEvent <- testing.tRunner <- runtime.goexit"}
{"time":"2026-05-15 00:23:47","level":"INFO","msg":"thread: Unarchive() COMPLETED","thread_id":"thread-1","caller":"thread.TestUnarchivePublishesCreatedLifecycleEvent <- testing.tRunner <- runtime.goexit"}
{"time":"2026-05-15 00:23:47","level":"INFO","msg":"thread: Archive() ENTERED","thread_id":"thread-orphan","caller":"thread.TestArchiveFallsBackWhenBindingMissing <- testing.tRunner <- runtime.goexit"}
{"time":"2026-05-15 00:23:47","level":"WARN","msg":"thread: publishThreadStopped ARCHIVED","thread_id":"thread-orphan","agent_id":"","status":"archived","reason":"archived_no_binding","caller":"thread.(*service).Archive <- thread.TestArchiveFallsBackWhenBindingMissing <- testing.tRunner <- runtime.goexit"}
{"time":"2026-05-15 00:23:47","level":"WARN","msg":"thread: Archive() no-binding fallback applied","thread_id":"thread-orphan","caller":"thread.TestArchiveFallsBackWhenBindingMissing <- testing.tRunner <- runtime.goexit"}
{"time":"2026-05-15 00:23:47","level":"WARN","msg":"thread/start: provider resolved","provider_input":"codex","model_provider_input":"","resolved_provider":"codex","cwd":"/var/folders/fw/w5nyk55978gd500t0kx64bn00000gp/T/TestServiceStartPassesFullPromptAssemblyContext1850314271/001/worktree/pkg"}
{"time":"2026-05-15 00:23:47","level":"INFO","msg":"router: skip, prompt store not wired"}
{"time":"2026-05-15 00:23:47","level":"WARN","msg":"thread/start: provider session identity trace","agent_id":"agent-ctx","provider":"codex","req_model_provider":"","req_model":"gpt-5.5","req_effort":"","config_provider":"codex","config_model_provider":"","config_codex_model_provider":"","config_model":"gpt-5.5","config_effort":""}
{"time":"2026-05-15 00:23:47","level":"WARN","msg":"thread: persist started session codex identity","agent_id":"agent-ctx","provider":"codex","codex_home":"","has_strict_identity":false,"session_runtime_codex_home":"","rollout_path":""}
{"time":"2026-05-15 00:23:47","level":"INFO","msg":"thread: stopThreadRuntime ENTERED","agent_id":"agent-1","stopped_id":"thread-1","source":"thread_stopped","allow_missing_agent":false,"caller":"thread.(*service).Stop <- thread.TestStopCleansManagedScratchpad <- testing.tRunner <- runtime.goexit"}
{"time":"2026-05-15 00:23:47","level":"WARN","msg":"thread: registerThreadBinding persisted OK","agent_id":"agent-start-no-history","provider":"codex","provider_thread_id":"","public_thread_id":"agent-start-no-history","rollout_path":"","session_uuid":"019d5f6b-fb3c-7760-9d6f-54005553f5b8"}
FAIL
FAIL	github.com/anthropic-ai/super-agent-v3/internal/module/thread	1.314s
FAIL
